=== [2026-08-29T07:39:28+00:00] BEGIN primary CP-SAT sweep (9 flash + 6 MLP × 3 samples)
=== [2026-08-29T07:39:28+00:00] flash-256x1024 sample=1/3 solver=cpsat ===
OK   flash-256x1024/cpsat sample=1 rc=0 elapsed=29s
=== [2026-08-29T07:39:57+00:00] flash-256x1024 sample=2/3 solver=cpsat ===
OK   flash-256x1024/cpsat sample=2 rc=0 elapsed=24s
=== [2026-08-29T07:40:21+00:00] flash-256x1024 sample=3/3 solver=cpsat ===
OK   flash-256x1024/cpsat sample=3 rc=0 elapsed=25s
=== [2026-08-29T07:40:46+00:00] flash-512x512 sample=1/3 solver=cpsat ===
OK   flash-512x512/cpsat sample=1 rc=0 elapsed=25s
=== [2026-08-29T07:41:11+00:00] flash-512x512 sample=2/3 solver=cpsat ===
OK   flash-512x512/cpsat sample=2 rc=0 elapsed=26s
=== [2026-08-29T07:41:37+00:00] flash-512x512 sample=3/3 solver=cpsat ===
OK   flash-512x512/cpsat sample=3 rc=0 elapsed=22s
=== [2026-08-29T07:41:59+00:00] flash-512x1024 sample=1/3 solver=cpsat ===
OK   flash-512x1024/cpsat sample=1 rc=0 elapsed=29s
=== [2026-08-29T07:42:28+00:00] flash-512x1024 sample=2/3 solver=cpsat ===
OK   flash-512x1024/cpsat sample=2 rc=0 elapsed=32s
=== [2026-08-29T07:43:00+00:00] flash-512x1024 sample=3/3 solver=cpsat ===
OK   flash-512x1024/cpsat sample=3 rc=0 elapsed=34s
=== [2026-08-29T07:43:34+00:00] flash-512x2048 sample=1/3 solver=cpsat ===
OK   flash-512x2048/cpsat sample=1 rc=0 elapsed=47s
=== [2026-08-29T07:44:21+00:00] flash-512x2048 sample=2/3 solver=cpsat ===
OK   flash-512x2048/cpsat sample=2 rc=0 elapsed=50s
=== [2026-08-29T07:45:11+00:00] flash-512x2048 sample=3/3 solver=cpsat ===
OK   flash-512x2048/cpsat sample=3 rc=0 elapsed=46s
=== [2026-08-29T07:45:57+00:00] flash-1024x1024 sample=1/3 solver=cpsat ===
OK   flash-1024x1024/cpsat sample=1 rc=0 elapsed=43s
=== [2026-08-29T07:46:40+00:00] flash-1024x1024 sample=2/3 solver=cpsat ===
OK   flash-1024x1024/cpsat sample=2 rc=0 elapsed=46s
=== [2026-08-29T07:47:26+00:00] flash-1024x1024 sample=3/3 solver=cpsat ===
OK   flash-1024x1024/cpsat sample=3 rc=0 elapsed=49s
=== [2026-08-29T07:48:15+00:00] flash-512x4096 sample=1/3 solver=cpsat ===
OK   flash-512x4096/cpsat sample=1 rc=0 elapsed=80s
=== [2026-08-29T07:49:35+00:00] flash-512x4096 sample=2/3 solver=cpsat ===
OK   flash-512x4096/cpsat sample=2 rc=0 elapsed=82s
=== [2026-08-29T07:50:57+00:00] flash-512x4096 sample=3/3 solver=cpsat ===
OK   flash-512x4096/cpsat sample=3 rc=0 elapsed=92s
=== [2026-08-29T07:52:29+00:00] flash-2048x1024 sample=1/3 solver=cpsat ===
OK   flash-2048x1024/cpsat sample=1 rc=0 elapsed=94s
=== [2026-08-29T07:54:03+00:00] flash-2048x1024 sample=2/3 solver=cpsat ===
OK   flash-2048x1024/cpsat sample=2 rc=0 elapsed=93s
=== [2026-08-29T07:55:36+00:00] flash-2048x1024 sample=3/3 solver=cpsat ===
OK   flash-2048x1024/cpsat sample=3 rc=0 elapsed=93s
=== [2026-08-29T07:57:09+00:00] flash-512x8192 sample=1/3 solver=cpsat ===
OK   flash-512x8192/cpsat sample=1 rc=0 elapsed=223s
=== [2026-08-29T08:00:52+00:00] flash-512x8192 sample=2/3 solver=cpsat ===
OK   flash-512x8192/cpsat sample=2 rc=0 elapsed=204s
=== [2026-08-29T08:04:16+00:00] flash-512x8192 sample=3/3 solver=cpsat ===
OK   flash-512x8192/cpsat sample=3 rc=0 elapsed=228s
=== [2026-08-29T08:08:04+00:00] flash-1024x8192 sample=1/3 solver=cpsat ===
OK   flash-1024x8192/cpsat sample=1 rc=0 elapsed=540s
=== [2026-08-29T08:17:04+00:00] flash-1024x8192 sample=2/3 solver=cpsat ===
OK   flash-1024x8192/cpsat sample=2 rc=0 elapsed=537s
=== [2026-08-29T08:26:01+00:00] flash-1024x8192 sample=3/3 solver=cpsat ===
OK   flash-1024x8192/cpsat sample=3 rc=0 elapsed=544s
=== [2026-08-29T08:35:05+00:00] mlp-L2-w2048 sample=1/3 solver=cpsat ===
OK   mlp-L2-w2048/cpsat sample=1 rc=0 elapsed=34s
=== [2026-08-29T08:35:39+00:00] mlp-L2-w2048 sample=2/3 solver=cpsat ===
OK   mlp-L2-w2048/cpsat sample=2 rc=0 elapsed=15s
=== [2026-08-29T08:35:54+00:00] mlp-L2-w2048 sample=3/3 solver=cpsat ===
OK   mlp-L2-w2048/cpsat sample=3 rc=0 elapsed=14s
=== [2026-08-29T08:36:08+00:00] mlp-L4-w2048 sample=1/3 solver=cpsat ===
OK   mlp-L4-w2048/cpsat sample=1 rc=0 elapsed=16s
=== [2026-08-29T08:36:24+00:00] mlp-L4-w2048 sample=2/3 solver=cpsat ===
OK   mlp-L4-w2048/cpsat sample=2 rc=0 elapsed=15s
=== [2026-08-29T08:36:39+00:00] mlp-L4-w2048 sample=3/3 solver=cpsat ===
OK   mlp-L4-w2048/cpsat sample=3 rc=0 elapsed=16s
=== [2026-08-29T08:36:55+00:00] mlp-L8-w2048 sample=1/3 solver=cpsat ===
OK   mlp-L8-w2048/cpsat sample=1 rc=0 elapsed=15s
=== [2026-08-29T08:37:10+00:00] mlp-L8-w2048 sample=2/3 solver=cpsat ===
OK   mlp-L8-w2048/cpsat sample=2 rc=0 elapsed=16s
=== [2026-08-29T08:37:26+00:00] mlp-L8-w2048 sample=3/3 solver=cpsat ===
OK   mlp-L8-w2048/cpsat sample=3 rc=0 elapsed=17s
=== [2026-08-29T08:37:43+00:00] mlp-L16-w2048 sample=1/3 solver=cpsat ===
OK   mlp-L16-w2048/cpsat sample=1 rc=0 elapsed=17s
=== [2026-08-29T08:38:00+00:00] mlp-L16-w2048 sample=2/3 solver=cpsat ===
OK   mlp-L16-w2048/cpsat sample=2 rc=0 elapsed=17s
=== [2026-08-29T08:38:17+00:00] mlp-L16-w2048 sample=3/3 solver=cpsat ===
OK   mlp-L16-w2048/cpsat sample=3 rc=0 elapsed=16s
=== [2026-08-29T08:38:33+00:00] mlp-L32-w2048 sample=1/3 solver=cpsat ===
OK   mlp-L32-w2048/cpsat sample=1 rc=0 elapsed=18s
=== [2026-08-29T08:38:51+00:00] mlp-L32-w2048 sample=2/3 solver=cpsat ===
OK   mlp-L32-w2048/cpsat sample=2 rc=0 elapsed=19s
=== [2026-08-29T08:39:10+00:00] mlp-L32-w2048 sample=3/3 solver=cpsat ===
OK   mlp-L32-w2048/cpsat sample=3 rc=0 elapsed=18s
=== [2026-08-29T08:39:28+00:00] mlp-L64-w2048 sample=1/3 solver=cpsat ===
OK   mlp-L64-w2048/cpsat sample=1 rc=0 elapsed=22s
=== [2026-08-29T08:39:50+00:00] mlp-L64-w2048 sample=2/3 solver=cpsat ===
OK   mlp-L64-w2048/cpsat sample=2 rc=0 elapsed=22s
=== [2026-08-29T08:40:12+00:00] mlp-L64-w2048 sample=3/3 solver=cpsat ===
OK   mlp-L64-w2048/cpsat sample=3 rc=0 elapsed=21s
=== [2026-08-29T08:40:33+00:00] primary CP-SAT sweep complete
=== [2026-08-29T08:40:33+00:00] BEGIN greedy compatibility arm (flash only, 3 shapes)
=== [2026-08-29T08:40:33+00:00] flash-512x1024 sample=1/3 solver=greedy ===
OK   flash-512x1024/greedy sample=1 rc=0 elapsed=26s
=== [2026-08-29T08:40:59+00:00] flash-512x1024 sample=2/3 solver=greedy ===
OK   flash-512x1024/greedy sample=2 rc=0 elapsed=29s
=== [2026-08-29T08:41:28+00:00] flash-512x1024 sample=3/3 solver=greedy ===
OK   flash-512x1024/greedy sample=3 rc=0 elapsed=27s
=== [2026-08-29T08:41:55+00:00] flash-512x4096 sample=1/3 solver=greedy ===
OK   flash-512x4096/greedy sample=1 rc=0 elapsed=68s
=== [2026-08-29T08:43:03+00:00] flash-512x4096 sample=2/3 solver=greedy ===
OK   flash-512x4096/greedy sample=2 rc=0 elapsed=72s
=== [2026-08-29T08:44:15+00:00] flash-512x4096 sample=3/3 solver=greedy ===
OK   flash-512x4096/greedy sample=3 rc=0 elapsed=73s
=== [2026-08-29T08:45:28+00:00] flash-512x8192 sample=1/3 solver=greedy ===
OK   flash-512x8192/greedy sample=1 rc=0 elapsed=159s
=== [2026-08-29T08:48:07+00:00] flash-512x8192 sample=2/3 solver=greedy ===
OK   flash-512x8192/greedy sample=2 rc=0 elapsed=161s
=== [2026-08-29T08:50:48+00:00] flash-512x8192 sample=3/3 solver=greedy ===
OK   flash-512x8192/greedy sample=3 rc=0 elapsed=157s
=== [2026-08-29T08:53:25+00:00] greedy compatibility complete
=== [2026-08-29T08:53:25+00:00] FINAL SWEEP COMPLETE
